Directory path must be fully qualified. Path: foo
Parameter name: arg