{
  MissingSnippets: [],
  UsedSnippets: [
    {
      Key: 'snippet1',
      Language: 'cs',
      Value: 'Snippet',
      Error: null,
      FileLocation: 'thePath(1-2)',
      IsInError: false
    },
    {
      Key: 'snippet2',
      Language: 'cs',
      Value: 'Snippet',
      Error: null,
      FileLocation: 'thePath(1-2)',
      IsInError: false
    },
    {
      Key: 'FileToUseAsSnippet.txt',
      Language: 'txt',
      Value: 'The
Content
From
File',
      Error: null,
      FileLocation: '/src/Tests/FileToUseAsSnippet.txt(1-4)',
      IsInError: false
    },
    {
      Key: '/FileToUseAsSnippet.txt',
      Language: 'txt',
      Value: 'The
Content
From
File',
      Error: null,
      FileLocation: '/src/Tests/FileToUseAsSnippet.txt(1-4)',
      IsInError: false
    }
  ],
  content: '
<!-- snippet: snippet1 -->
```cs
Snippet
```
<!-- endsnippet -->

some text

<!-- snippet: snippet2 -->
```cs
Snippet
```
<!-- endsnippet -->

some other text

<!-- snippet: FileToUseAsSnippet.txt -->
```txt
The
Content
From
File
```
<!-- endsnippet -->

some other text

<!-- snippet: /FileToUseAsSnippet.txt -->
```txt
The
Content
From
File
```
<!-- endsnippet -->

'
}