No Key could be derived.
Path: file
Line: '#region '