Key should not start or end with symbols.
Key: key_
Path: file
Line: <!-- startcode key_ -->