Key should not start or end with symbols.
Key: _key
Path: file
Line: #region _key