{
  targetDirectory: 'TheTargetDirectory',
  configInput: {
    UrlsAsSnippets: [
      'url1',
      'url2'
    ]
  }
}