{
  targetDirectory: 'root\',
  configInput: {
    Header: 'the header'
  }
}