{
  targetDirectory: 'root\',
  configInput: {
    Exclude: [
      'dir1',
      'dir2'
    ]
  }
}