{
  targetDirectory: 'root\',
  configInput: {
    TocLevel: 5
  }
}