{
  targetDirectory: 'TheTargetDirectory',
  configInput: {
    Exclude: [
      'dir'
    ]
  }
}