{
  targetDirectory: 'root\',
  configInput: {
    Exclude: [
      'dir'
    ]
  }
}