{
  targetDirectory: 'root\',
  configInput: {
    UrlsAsSnippets: [
      'url'
    ]
  }
}