{
  targetDirectory: 'root\',
  configInput: {
    LinkFormat: 'Tfs'
  }
}