{
  targetDirectory: 'TheTargetDirectory',
  configInput: {
    LinkFormat: 'Tfs'
  }
}