{
  targetDirectory: 'root\',
  configInput: {
    WriteHeader: false
  }
}