[
  {
    Key: 'keychild',
    Language: 'cs',
    Value: 'b',
    Error: '',
    FileLocation: 'path.cs(4-6)',
    IsInError: false
  },
  {
    Key: 'keyparent',
    Language: 'cs',
    Value: 'a\r\nb\r\nc',
    Error: '',
    FileLocation: 'path.cs(2-8)',
    IsInError: false
  }
]