{
  Directories: [
    {
      Path: 'root\\DirectorySnippetExtractor\VerifyLambdasAreCalled\subpath'
    }
  ]
}