[
  'root\\SnippetFileFinder\Nested\nested\nested\code.txt'
]