{
  Error: '',
  Key: 'file',
  Path: 'IncludeFileReader\file.include.md',
  Lines: [
    'Simple1'
  ]
}