[
  'root\\IncludeFileFinder\Simple\file1.include.md',
  'root\\IncludeFileFinder\Simple\file2.include.md'
]