[
  'root\\IncludeFileFinder\Nested\nested\nested\file.include.md'
]