[
  {
    Error: '',
    Key: 'file',
    Path: 'root\\IncludeFinder\file.include.md',
    Lines: [
      'Simple1'
    ]
  }
]