{
  MissingSnippets: [],
  UsedSnippets: [],
  content: '<!--
GENERATED FILE - DO NOT EDIT
This file was generated by [MarkdownSnippets](https://github.com/SimonCropp/MarkdownSnippets).
To change this file edit the source file and then run MarkdownSnippets.
-->


# Title

<!-- toc -->
## Contents

 * [Heading 1](#heading-1)
 * [Heading 1](#heading-1)


## Heading 1

Text1

## Heading 1

Text2

'
}