<!-- toc -->
## Contents

  * [A!@#$%^&()_+-={};':"<>?/.,b](#a_b)
<!-- endtoc -->
