<!-- toc -->
## Contents

  * [Heading1](#heading1)
<!-- endtoc -->
