<!-- toc -->
## Contents

 * [A](#a)
 * [A](#a-1)
