<!-- toc -->
## Contents

  * [A B](#a-b)
<!-- endtoc -->
