{
  WriteHeader: true,
  ReadOnly: false,
  LinkFormat: 'Tfs',
  TocLevel: 3,
  UrlsAsSnippets: [
    'Url1',
    'Url2'
  ],
  Exclude: [
    'Dir1',
    'Dir2'
  ]
}